// Jest Snapshot v1, https://goo.gl/fbAQLP

exports[`snapshot 1`] = `
Object {
  "a": 1,
  "b": Object {
    "x": "this is x change",
    "y": "this is y",
  },
}
`;
